// Jest Snapshot v1, https://goo.gl/fbAQLP

exports[`QuizLayout tests QuizLayout snapshots 1`] = `
<div
  class="content-container"
  data-testid="quiz-layout"
>
  <div
    class="header"
  >
    <div>
      <h2
        class="variant-h2 color-primary"
      >
        We will select the perfect product for you
      </h2>
    </div>
    <div
      class="subtitle"
    >
      <p
        class="variant-text_bold color-primary-light"
      >
        Answer three questions and we will send you a catalog with the most suitable products for you.
      </p>
    </div>
    <div
      class="border color-primary-light thickness-1"
    />
  </div>
  <div
    class="body"
  >
    <div
      class="body__title"
    >
      <h3
        class="variant-h3 color-primary"
      >
        What type of product are you considering?
      </h3>
    </div>
    <div>
      Category 1
    </div>
    <div>
      Category 2
    </div>
    <div>
      Category 3
    </div>
  </div>
  <div
    class="footer"
  >
    <div
      class="footer__border-top"
    >
      <div
        class="border color-primary-light thickness-1"
      />
    </div>
    <div
      class="footer__content"
    >
      <div>
        <p
          class="variant-text_bold color-primary-light"
        >
          1 of 2
        </p>
      </div>
      <div
        class="footer__actions"
      >
        <button
          class="base variant-button size-md color-primary-transparent "
          form="quiz-form"
          type="submit"
        >
          Next step
        </button>
      </div>
    </div>
  </div>
</div>
`;
